2026-09-24 07:14:25 - 请求: GET：https://master-script-nodejs-poms-list-manage.ux168.cn/api/product_base_infos/queryPage?limit=1000&page=1&productId_in=a26082600ux1982%2Ca26082600ux1983
2026-09-24 07:14:25 - 参数：[]
2026-09-24 07:14:25 - 请求: PUT：https://master-script-nodejs-poms-list-manage.ux168.cn/api/product_base_infos/6a8eeb66bc26bb171102ab1d
2026-09-24 07:14:25 - 参数：{"productId":"a26082600ux1983","productType":"SKU","companyId":"CR201706060001","salesUserName":"zhangwanyi","developerUserName":"wuyanni","productLineId":"6a60c751543d3d37cec76a49","status":"picReviewing","createdBy":"system","modifiedBy":"system","cost":"9.4","packageWeight":"0.035","size":[{"label":"Product with package size","length":"10.8","width":"7.7","height":"1.5","diameter":""},{"label":"Pack Size(L*W*H)","length":"10.8","width":"7.7","height":"1.5"},{"label":"Logistics size","length":"10.8","width":"7.7","height":"1.5","diameter":""}],"category":"30344","categoryPaths":"14733,16556,20068,20077,30344","cn_Category":"个人护理 -> 手部护理 -> 美甲工具 -> 美甲贴饰 -> 美甲钻","platCategory":[],"transport":[],"productTypeList":[],"benchmarkChannel":"empty","_id":"6a8eeb66bc26bb171102ab1d","pidList":[{"channel":"walmart_us","scuId":"s26090800wm4628","scuIdStyle":"walmartQuote","scuIdType":"nonFba","_id":"6aa27484994dd04c35306224"},{"channel":"target_us","scuId":"s26091000ux5131","scuIdStyle":"targetQuote","scuIdType":"nonFba","_id":"6aa27484994dd04c35306223"}],"labelInfo":[],"createdOn":"2026-08-26T21:34:30.918Z","modifiedOn":"2026-09-10T17:12:36.625Z","__v":1}
2026-09-24 07:14:25 - 请求: PUT：https://master-script-nodejs-poms-list-manage.ux168.cn/api/product_base_infos/6a8eeb664080013652b25dbf
2026-09-24 07:14:25 - 参数：{"productId":"a26082600ux1982","productType":"SKU","companyId":"CR201706060001","salesUserName":"zhangwanyi","developerUserName":"wuyanni","productLineId":"6a60c751543d3d37cec76a49","status":"picReviewing","createdBy":"system","modifiedBy":"system","cost":"15.64","packageWeight":"0.036","size":[{"label":"Product with package size","length":"9.7","width":"6.3","height":"1.5","diameter":""},{"label":"Pack Size(L*W*H)","length":"9.7","width":"6.3","height":"1.5"},{"label":"Logistics size","length":"9.7","width":"6.3","height":"1.5","diameter":""}],"category":"30344","categoryPaths":"14733,16556,20068,20077,30344","cn_Category":"个人护理 -> 手部护理 -> 美甲工具 -> 美甲贴饰 -> 美甲钻","platCategory":[],"transport":[],"productTypeList":[],"benchmarkChannel":"empty","_id":"6a8eeb664080013652b25dbf","pidList":[{"channel":"walmart_us","scuId":"s26090800wm4627","scuIdStyle":"walmartQuote","scuIdType":"nonFba","_id":"6aa27497b8b8c151992e2e4e"},{"channel":"target_us","scuId":"s26091000ux5127","scuIdStyle":"targetQuote","scuIdType":"nonFba","_id":"6aa27497b8b8c151992e2e4d"}],"labelInfo":[],"createdOn":"2026-08-26T21:34:30.817Z","modifiedOn":"2026-09-10T17:12:55.200Z","__v":1}
2026-09-24 07:21:33 - 请求: GET：https://master-nodejs-poms-list-nest.ux168.cn/api/pa_ce_materials/queryPage?limit=1&page=1&skuIdList_in=a26092100ux2824
2026-09-24 07:21:33 - 参数：[]
2026-09-24 07:21:33 - 请求: GET：https://master-nodejs-poms-list-nest.ux168.cn/api/pa_ce_materials/queryPage?limit=1&page=1&skuIdList_in=a26092100ux2826
2026-09-24 07:21:33 - 参数：[]
2026-09-24 07:21:33 - 请求: GET：https://master-nodejs-poms-list-nest.ux168.cn/api/pa_ce_materials/queryPage?limit=1&page=1&skuIdList_in=a26092300ux0180
2026-09-24 07:21:33 - 参数：[]
2026-09-24 07:21:33 - 请求: GET：https://master-nodejs-poms-list-nest.ux168.cn/api/pa_ce_materials/queryPage?limit=1&page=1&skuIdList_in=a26092300ux0181
2026-09-24 07:21:33 - 参数：[]
2026-09-24 07:21:33 - 请求: GET：https://master-nodejs-poms-list-nest.ux168.cn/api/pa_ce_materials/queryPage?limit=1&page=1&skuIdList_in=a26092300ux0182
2026-09-24 07:21:33 - 参数：[]
2026-09-24 07:21:34 - 请求: GET：https://master-nodejs-poms-list-nest.ux168.cn/api/pa_ce_materials/queryPage?limit=1&page=1&skuIdList_in=a26092300ux0183
2026-09-24 07:21:34 - 参数：[]
2026-09-24 07:23:27 - 请求: GET：https://master-nodejs-poms-list-nest.ux168.cn/api/pa_ce_materials/queryPage?limit=1&page=1&skuIdList_in=a26092100ux2824
2026-09-24 07:23:27 - 参数：[]
2026-09-24 07:23:27 - 请求: GET：https://master-nodejs-poms-list-nest.ux168.cn/api/pa_ce_materials/queryPage?limit=1&page=1&skuIdList_in=a26092100ux2826
2026-09-24 07:23:27 - 参数：[]
2026-09-24 07:23:27 - 请求: GET：https://master-nodejs-poms-list-nest.ux168.cn/api/pa_ce_materials/queryPage?limit=1&page=1&skuIdList_in=a26092300ux0180
2026-09-24 07:23:27 - 参数：[]
2026-09-24 07:23:27 - 请求: GET：https://master-nodejs-poms-list-nest.ux168.cn/api/pa_ce_materials/queryPage?limit=1&page=1&skuIdList_in=a26092300ux0181
2026-09-24 07:23:27 - 参数：[]
2026-09-24 07:23:27 - 请求: GET：https://master-nodejs-poms-list-nest.ux168.cn/api/pa_ce_materials/queryPage?limit=1&page=1&skuIdList_in=a26092300ux0182
2026-09-24 07:23:27 - 参数：[]
2026-09-24 07:23:27 - 请求: GET：https://master-nodejs-poms-list-nest.ux168.cn/api/pa_ce_materials/queryPage?limit=1&page=1&skuIdList_in=a26092300ux0183
2026-09-24 07:23:27 - 参数：[]
2026-09-24 07:27:40 - 请求: GET：https://master-nodejs-poms-list-nest.ux168.cn/api/pa_ce_materials/queryPage?limit=5000&page=1&skuIdList_in=a26092100ux2824%2Ca26092100ux2826%2Ca26092300ux0180%2Ca26092300ux0181%2Ca26092300ux0182%2Ca26092300ux0183
2026-09-24 07:27:40 - 参数：[]
2026-09-24 07:27:40 - 请求: PUT：https://master-nodejs-poms-list-nest.ux168.cn/api/pa_ce_materials/6ab4881dd89e1953d5e3636b
2026-09-24 07:27:40 - 参数：{"batchName":"DPMO260922005","ceBillNo":"CE202609240034","ceDate":"2026-09-24T00:00:00.000Z","goodsType":"自营","developer":"yaoxiaotian","saleName":"linsixue","status":"developerComplete","eff":0.2,"skuIdList":["a26092300ux0180","a26092300ux0181","a26092300ux0182"],"createdBy":"P3-CreateCeSkuMaterialJob","modifiedBy":null,"referSku":"","platform":"UK","ebayTraceMan":"linsixue","developerList":["yaoxiaotian"],"saleNameList":["linsixue"],"ebayTraceManList":["linsixue"],"platformList":["UK"],"productLevelList":["S级"],"_id":"6ab4881dd89e1953d5e3636b","createdOn":"2026-09-24T10:17:01.758Z","modifiedOn":"2026-09-24T10:17:01.759Z","log":[],"__v":0}
2026-09-24 07:27:40 - 请求: PUT：https://master-nodejs-poms-list-nest.ux168.cn/api/pa_ce_materials/6ab48c1b657b29769e73348d
2026-09-24 07:27:40 - 参数：{"batchName":"DPMO260922004","ceBillNo":"CE202609240047","ceDate":"2026-09-24T00:00:00.000Z","goodsType":"自营","developer":"yaoxiaotian","saleName":"linsixue","status":"developerComplete","eff":0.2,"skuIdList":["a26092300ux0183"],"createdBy":"P3-CreateCeSkuMaterialJob","modifiedBy":null,"referSku":"","platform":"UK","ebayTraceMan":"linsixue","developerList":["yaoxiaotian"],"saleNameList":["linsixue"],"ebayTraceManList":["linsixue"],"platformList":["UK"],"productLevelList":["S级"],"_id":"6ab48c1b657b29769e73348d","createdOn":"2026-09-24T10:34:03.110Z","modifiedOn":"2026-09-24T10:34:03.110Z","log":[],"__v":0}
2026-09-24 07:27:46 - 请求: GET：https://master-nodejs-poms-list-nest.ux168.cn/api/pa_ce_materials/queryPage?limit=5000&page=1&skuIdList_in=a26092100ux2824%2Ca26092100ux2826%2Ca26092300ux0180%2Ca26092300ux0181%2Ca26092300ux0182%2Ca26092300ux0183
2026-09-24 07:27:46 - 参数：[]
2026-09-24 07:27:46 - 请求: PUT：https://master-nodejs-poms-list-nest.ux168.cn/api/pa_ce_materials/6ab48c19a30ade4f56ac4586
2026-09-24 07:27:46 - 参数：{"batchName":"DPMO260920010","ceBillNo":"CE202609240044","ceDate":"2026-09-24T00:00:00.000Z","goodsType":"自营","developer":"yaoxiaotian","saleName":"linsixue","status":"developerComplete","eff":0.2,"skuIdList":["a26092100ux2824"],"createdBy":"P3-CreateCeSkuMaterialJob","modifiedBy":null,"referSku":"","platform":"UK","ebayTraceMan":"linsixue","developerList":["yaoxiaotian"],"saleNameList":["linsixue"],"ebayTraceManList":["linsixue"],"platformList":["UK"],"productLevelList":["S级"],"_id":"6ab48c19a30ade4f56ac4586","createdOn":"2026-09-24T10:34:01.948Z","modifiedOn":"2026-09-24T10:34:01.948Z","log":[],"__v":0}
2026-09-24 07:27:46 - 请求: PUT：https://master-nodejs-poms-list-nest.ux168.cn/api/pa_ce_materials/6ab49232657b29769e735888
2026-09-24 07:27:46 - 参数：{"batchName":"DPMO260920009","ceBillNo":"CE202609240071","ceDate":"2026-09-24T00:00:00.000Z","goodsType":"自营","developer":"yaoxiaotian","saleName":"linsixue","status":"developerComplete","eff":0.2,"skuIdList":["a26092100ux2826"],"createdBy":"P3-CreateCeSkuMaterialJob","modifiedBy":null,"referSku":"","platform":"UK","ebayTraceMan":"linsixue","developerList":["yaoxiaotian"],"saleNameList":["linsixue"],"ebayTraceManList":["linsixue"],"platformList":["UK"],"productLevelList":["S级"],"_id":"6ab49232657b29769e735888","createdOn":"2026-09-24T11:00:02.131Z","modifiedOn":"2026-09-24T11:00:02.131Z","log":[],"__v":0}
