2026-09-18 02:16:07 - createNegativeTargets 开始处理 file:M8精否asin.xlsx channel:全部
2026-09-18 02:16:07 - channel:全部 共 70 个ad group, 98 条数据
2026-09-18 02:16:08 - amazon adGroupId:424095280954779 Mongo未找到，尝试Amazon API查询
2026-09-18 02:16:09 - amazon adGroupId:424095280954779 Amazon API查到 campaignId:121519398980392
2026-09-18 02:16:09 - amazon adGroupId:424095280954779 使用Excel campaignId:121519398980392
2026-09-18 02:16:09 - amazon adGroupId:424095280954779 已有negativeTarget 3个
2026-09-18 02:16:09 - ⏭️ amazon negativeTarget已存在且enabled: B01MZH567F
2026-09-18 02:16:09 - amazon adGroupId:424095280954779 创建negativeTarget: 3个
2026-09-18 02:16:10 - ✅ amazon 创建negativeTarget成功: 152382181655566 - B07B75PD8B
2026-09-18 02:16:10 - ✅ amazon 创建negativeTarget成功: 59068771913040 - B0D3H4DJFX
2026-09-18 02:16:11 - ✅ amazon 创建negativeTarget成功: 132424428854529 - B0D9JYS754
2026-09-18 02:16:11 - amazon adGroupId:460845510793199 使用Excel campaignId:295014882707046
2026-09-18 02:16:12 - amazon adGroupId:460845510793199 已有negativeTarget 13个
2026-09-18 02:16:12 - ⏭️ amazon negativeTarget已存在且enabled: B0D2D88VLP
2026-09-18 02:16:12 - ⏭️ amazon negativeTarget已存在且enabled: B0D667Q1KP
2026-09-18 02:16:12 - amazon_us_moto adGroupId:399201953159522 使用Excel campaignId:385860187642257
2026-09-18 02:16:13 - amazon_us_moto adGroupId:399201953159522 已有negativeTarget 16个
2026-09-18 02:16:13 - ⏭️ amazon_us_moto negativeTarget已存在且enabled: B0G2KM4ZKQ
2026-09-18 02:16:13 - ⏭️ amazon_us_moto negativeTarget已存在且enabled: B09BDTYCVV
2026-09-18 02:16:13 - ⏭️ amazon_us_moto negativeTarget已存在且enabled: B0F43J597J
2026-09-18 02:16:13 - amazon_us_moto adGroupId:399201953159522 创建negativeTarget: 5个
2026-09-18 02:16:13 - ✅ amazon_us_moto 创建negativeTarget成功: 78193460190673 - B0DJ36V626
2026-09-18 02:16:14 - ✅ amazon_us_moto 创建negativeTarget成功: 264349829105202 - B094F6MPPC
2026-09-18 02:16:14 - ✅ amazon_us_moto 创建negativeTarget成功: 158772019695933 - B0BJYRGXRX
2026-09-18 02:16:14 - ✅ amazon_us_moto 创建negativeTarget成功: 253087396407767 - B0C43C5XH9
2026-09-18 02:16:14 - ✅ amazon_us_moto 创建negativeTarget成功: 213796449561289 - B091824RMX
2026-09-18 02:16:14 - amazon_us_sopro adGroupId:368186864439645 Mongo未找到，尝试Amazon API查询
2026-09-18 02:16:15 - amazon_us_sopro adGroupId:368186864439645 Amazon API查到 campaignId:416910668959028
2026-09-18 02:16:15 - amazon_us_sopro adGroupId:368186864439645 使用Excel campaignId:416910668959028
2026-09-18 02:16:17 - amazon_us_sopro adGroupId:368186864439645 已有negativeTarget 4个
2026-09-18 02:16:17 - ⏭️ amazon_us_sopro negativeTarget已存在且enabled: B0D7QMKHKK
2026-09-18 02:16:17 - ⏭️ amazon_us_sopro negativeTarget已存在且enabled: B0F1T25P1L
2026-09-18 02:16:17 - ⏭️ amazon_us_sopro negativeTarget已存在且enabled: B09MLSJCML
2026-09-18 02:16:17 - amazon adGroupId:329325356178323 使用Excel campaignId:261837377268844
2026-09-18 02:16:18 - amazon adGroupId:329325356178323 已有negativeTarget 2个
2026-09-18 02:16:18 - ⏭️ amazon negativeTarget已存在且enabled: B08BNHV8Z4
2026-09-18 02:16:18 - amazon_uk_moto adGroupId:385073102929434 使用Excel campaignId:289859874415808
2026-09-18 02:16:19 - amazon_uk_moto adGroupId:385073102929434 已有negativeTarget 1个
2026-09-18 02:16:19 - ⏭️ amazon_uk_moto negativeTarget已存在且enabled: B0FKMCTGRJ
2026-09-18 02:16:19 - amazon adGroupId:468181201496856 使用Excel campaignId:56599888526411
2026-09-18 02:16:20 - amazon adGroupId:468181201496856 已有negativeTarget 1个
2026-09-18 02:16:20 - amazon adGroupId:468181201496856 创建negativeTarget: 2个
2026-09-18 02:16:21 - ✅ amazon 创建negativeTarget成功: 245494793834678 - B0CQ4BZFP2
2026-09-18 02:16:21 - ✅ amazon 创建negativeTarget成功: 125836170006959 - B0CGXKSMQ6
2026-09-18 02:16:21 - amazon adGroupId:483560612289098 使用Excel campaignId:268891066616771
2026-09-18 02:16:22 - amazon adGroupId:483560612289098 已有negativeTarget 1个
2026-09-18 02:16:22 - ⏭️ amazon negativeTarget已存在且enabled: B078Y6MFNB
2026-09-18 02:16:22 - amazon_us_ifn adGroupId:297822154597369 使用Excel campaignId:353577119986739
2026-09-18 02:16:23 - amazon_us_ifn adGroupId:297822154597369 已有negativeTarget 4个
2026-09-18 02:16:23 - amazon_us_ifn adGroupId:297822154597369 创建negativeTarget: 3个
2026-09-18 02:16:24 - ✅ amazon_us_ifn 创建negativeTarget成功: 170361555088754 - B0D2P36VXF
2026-09-18 02:16:24 - ✅ amazon_us_ifn 创建negativeTarget成功: 156883357762995 - B0D2ZZGTPL
2026-09-18 02:16:24 - ✅ amazon_us_ifn 创建negativeTarget成功: 117991116666211 - B0FB879S7J
2026-09-18 02:16:25 - amazon_us_ifn adGroupId:538810796829808 使用Excel campaignId:555300182457874
2026-09-18 02:16:25 - amazon_us_ifn adGroupId:538810796829808 已有negativeTarget 10个
2026-09-18 02:16:25 - amazon_us_ifn adGroupId:538810796829808 创建negativeTarget: 2个
2026-09-18 02:16:27 - ✅ amazon_us_ifn 创建negativeTarget成功: 83431114829249 - B0DJZ1MVNM
2026-09-18 02:16:27 - ✅ amazon_us_ifn 创建negativeTarget成功: 53834909550862 - B0DJT2LJTZ
2026-09-18 02:16:27 - amazon adGroupId:535646715295932 使用Excel campaignId:270409227609965
2026-09-18 02:16:28 - amazon adGroupId:535646715295932 已有negativeTarget 3个
2026-09-18 02:16:28 - ⏭️ amazon negativeTarget已存在且enabled: B01I3C64ZQ
2026-09-18 02:16:28 - amazon_us_luux adGroupId:304181692544344 使用Excel campaignId:296177362686741
2026-09-18 02:16:29 - amazon_us_luux adGroupId:304181692544344 已有negativeTarget 1个
2026-09-18 02:16:29 - ⏭️ amazon_us_luux negativeTarget已存在且enabled: B0B83Y9DQW
2026-09-18 02:16:29 - amazon adGroupId:499856567614938 使用Excel campaignId:73137868506144
2026-09-18 02:16:29 - amazon adGroupId:499856567614938 已有negativeTarget 1个
2026-09-18 02:16:29 - ⏭️ amazon negativeTarget已存在且enabled: B0C2VK7HD5
2026-09-18 02:16:29 - amazon_ca_tuc adGroupId:298216057360254 使用Excel campaignId:193648510633472
2026-09-18 02:16:30 - amazon_ca_tuc adGroupId:298216057360254 已有negativeTarget 0个
2026-09-18 02:16:30 - amazon_ca_tuc adGroupId:298216057360254 创建negativeTarget: 1个
2026-09-18 02:16:32 - ✅ amazon_ca_tuc 创建negativeTarget成功: 53805282388973 - B07S7L2WTL
2026-09-18 02:16:32 - amazon adGroupId:501760810237429 使用Excel campaignId:17378272416387
2026-09-18 02:16:33 - amazon adGroupId:501760810237429 已有negativeTarget 1个
2026-09-18 02:16:33 - ⏭️ amazon negativeTarget已存在且enabled: B08K7BVC5Y
2026-09-18 02:16:34 - amazon adGroupId:356241446691949 使用Excel campaignId:259413448270561
2026-09-18 02:16:34 - amazon adGroupId:356241446691949 已有negativeTarget 3个
2026-09-18 02:16:34 - ⏭️ amazon negativeTarget已存在且enabled: B07F43Y3R4
2026-09-18 02:16:34 - ⏭️ amazon negativeTarget已存在且enabled: B07VDZGWCS
2026-09-18 02:16:34 - ⏭️ amazon negativeTarget已存在且enabled: B0CQP313RG
2026-09-18 02:16:34 - amazon_ca_piccocasa adGroupId:313076323636183 Mongo未找到，尝试Amazon API查询
2026-09-18 02:16:35 - amazon_ca_piccocasa adGroupId:313076323636183 Amazon API查到 campaignId:543569725820175
2026-09-18 02:16:35 - amazon_ca_piccocasa adGroupId:313076323636183 使用Excel campaignId:543569725820175
2026-09-18 02:16:38 - amazon_ca_piccocasa adGroupId:313076323636183 已有negativeTarget 0个
2026-09-18 02:16:38 - amazon_ca_piccocasa adGroupId:313076323636183 创建negativeTarget: 1个
2026-09-18 02:16:40 - ✅ amazon_ca_piccocasa 创建negativeTarget成功: 80236414856664 - B0CQKC5KY5
2026-09-18 02:16:40 - amazon adGroupId:520541169901551 Mongo未找到，尝试Amazon API查询
2026-09-18 02:16:41 - amazon adGroupId:520541169901551 Amazon API查到 campaignId:360072195239823
2026-09-18 02:16:41 - amazon adGroupId:520541169901551 使用Excel campaignId:360072195239823
2026-09-18 02:16:42 - amazon adGroupId:520541169901551 已有negativeTarget 3个
2026-09-18 02:16:42 - ⏭️ amazon negativeTarget已存在且enabled: B0CXHN49ZQ
2026-09-18 02:16:42 - amazon adGroupId:462698803031915 使用Excel campaignId:183821928344724
2026-09-18 02:16:43 - amazon adGroupId:462698803031915 已有negativeTarget 0个
2026-09-18 02:16:43 - amazon adGroupId:462698803031915 创建negativeTarget: 1个
2026-09-18 02:16:44 - ✅ amazon 创建negativeTarget成功: 55060421302958 - B0BVCQGW76
2026-09-18 02:16:45 - amazon_ca_luux adGroupId:413247533466679 使用Excel campaignId:341213557543751
2026-09-18 02:16:45 - amazon_ca_luux adGroupId:413247533466679 已有negativeTarget 7个
2026-09-18 02:16:45 - amazon_ca_luux adGroupId:413247533466679 创建negativeTarget: 1个
2026-09-18 02:16:46 - ✅ amazon_ca_luux 创建negativeTarget成功: 130681667594513 - B076J7RLWQ
2026-09-18 02:16:46 - amazon_uk_tuto adGroupId:419159964885500 使用Excel campaignId:181233438079708
2026-09-18 02:16:47 - amazon_uk_tuto adGroupId:419159964885500 已有negativeTarget 1个
2026-09-18 02:16:47 - ⏭️ amazon_uk_tuto negativeTarget已存在且enabled: B0FDGFVTZ9
2026-09-18 02:16:47 - amazon_uk_rrc adGroupId:341860488208906 Mongo未找到，尝试Amazon API查询
2026-09-18 02:16:48 - amazon_uk_rrc adGroupId:341860488208906 Amazon API查到 campaignId:472812128274272
2026-09-18 02:16:48 - amazon_uk_rrc adGroupId:341860488208906 使用Excel campaignId:472812128274272
2026-09-18 02:16:49 - amazon_uk_rrc adGroupId:341860488208906 已有negativeTarget 7个
2026-09-18 02:16:49 - ⏭️ amazon_uk_rrc negativeTarget已存在且enabled: B09Q8B9G5W
2026-09-18 02:16:49 - amazon_ca_hope adGroupId:444054995932487 使用Excel campaignId:151574850981493
2026-09-18 02:16:52 - amazon_ca_hope adGroupId:444054995932487 已有negativeTarget 0个
2026-09-18 02:16:52 - amazon_ca_hope adGroupId:444054995932487 创建negativeTarget: 1个
2026-09-18 02:16:53 - ✅ amazon_ca_hope 创建negativeTarget成功: 89499043592746 - B0CRQSZMK8
2026-09-18 02:16:53 - amazon_uk_sopro adGroupId:295594228225885 使用Excel campaignId:256041843689832
2026-09-18 02:16:56 - amazon_uk_sopro adGroupId:295594228225885 已有negativeTarget 2个
2026-09-18 02:16:56 - ⏭️ amazon_uk_sopro negativeTarget已存在且enabled: B0CTFBL44D
2026-09-18 02:16:56 - amazon_uk_sopro adGroupId:295594228225885 创建negativeTarget: 1个
2026-09-18 02:16:57 - ✅ amazon_uk_sopro 创建negativeTarget成功: 117090262689148 - B0D77RGPJT
2026-09-18 02:16:57 - amazon_uk2 adGroupId:349593947154387 使用Excel campaignId:259387562100497
2026-09-18 02:16:58 - amazon_uk2 adGroupId:349593947154387 已有negativeTarget 2个
2026-09-18 02:16:58 - ⏭️ amazon_uk2 negativeTarget已存在且enabled: B0FSDDQBZF
2026-09-18 02:16:58 - ⏭️ amazon_uk2 negativeTarget已存在且enabled: B00BSBMFBM
2026-09-18 02:16:58 - amazon_uk2 adGroupId:435673778070833 使用Excel campaignId:15829897254894
2026-09-18 02:16:59 - amazon_uk2 adGroupId:435673778070833 已有negativeTarget 2个
2026-09-18 02:16:59 - ⏭️ amazon_uk2 negativeTarget已存在且enabled: B01CDBGVUG
2026-09-18 02:16:59 - amazon adGroupId:408712204876081 使用Excel campaignId:215101299353467
2026-09-18 02:17:00 - amazon adGroupId:408712204876081 已有negativeTarget 0个
2026-09-18 02:17:00 - amazon adGroupId:408712204876081 创建negativeTarget: 1个
2026-09-18 02:17:00 - ✅ amazon 创建negativeTarget成功: 76718392990748 - B097HKY64F
2026-09-18 02:17:01 - amazon adGroupId:393401647537524 使用Excel campaignId:87377378283873
2026-09-18 02:17:01 - amazon adGroupId:393401647537524 已有negativeTarget 0个
2026-09-18 02:17:01 - amazon adGroupId:393401647537524 创建negativeTarget: 1个
2026-09-18 02:17:02 - ✅ amazon 创建negativeTarget成功: 43256896142182 - B000GU5VQ2
2026-09-18 02:17:03 - amazon_us_tuto adGroupId:455864637113220 使用Excel campaignId:172219985005243
2026-09-18 02:17:03 - amazon_us_tuto adGroupId:455864637113220 已有negativeTarget 1个
2026-09-18 02:17:03 - ⏭️ amazon_us_tuto negativeTarget已存在且enabled: B0732V4KH6
2026-09-18 02:17:03 - amazon_us_tuto adGroupId:455864637113220 创建negativeTarget: 1个
2026-09-18 02:17:04 - ✅ amazon_us_tuto 创建negativeTarget成功: 115472687946740 - B089LS12PH
2026-09-18 02:17:04 - amazon_ca_find adGroupId:379709289311645 使用Excel campaignId:202788014345528
2026-09-18 02:17:05 - amazon_ca_find adGroupId:379709289311645 已有negativeTarget 0个
2026-09-18 02:17:05 - amazon_ca_find adGroupId:379709289311645 创建negativeTarget: 1个
2026-09-18 02:17:06 - ✅ amazon_ca_find 创建negativeTarget成功: 251473174293886 - B0CQ4CLRVL
2026-09-18 02:17:07 - amazon_uk_moto adGroupId:291056268446760 使用Excel campaignId:289859874415808
2026-09-18 02:17:07 - amazon_uk_moto adGroupId:291056268446760 已有negativeTarget 2个
2026-09-18 02:17:07 - ⏭️ amazon_uk_moto negativeTarget已存在且enabled: B0057MNSYQ
2026-09-18 02:17:07 - ⏭️ amazon_uk_moto negativeTarget已存在且enabled: B0B79TTW6J
2026-09-18 02:17:08 - amazon_uk2 adGroupId:486652704753660 使用Excel campaignId:198061088451334
2026-09-18 02:17:09 - amazon_uk2 adGroupId:486652704753660 已有negativeTarget 1个
2026-09-18 02:17:09 - ⏭️ amazon_uk2 negativeTarget已存在且enabled: B0CL3WPZ3L
2026-09-18 02:17:09 - amazon_us_find adGroupId:338931673401665 使用Excel campaignId:228074138854748
2026-09-18 02:17:10 - amazon_us_find adGroupId:338931673401665 已有negativeTarget 1个
2026-09-18 02:17:10 - ⏭️ amazon_us_find negativeTarget已存在且enabled: B009Q752WE
2026-09-18 02:17:10 - amazon_ca_sopro adGroupId:315534248916408 Mongo未找到，尝试Amazon API查询
2026-09-18 02:17:11 - amazon_ca_sopro adGroupId:315534248916408 Amazon API查到 campaignId:468207272806577
2026-09-18 02:17:11 - amazon_ca_sopro adGroupId:315534248916408 使用Excel campaignId:468207272806577
2026-09-18 02:17:11 - amazon_ca_sopro adGroupId:315534248916408 已有negativeTarget 0个
2026-09-18 02:17:11 - amazon_ca_sopro adGroupId:315534248916408 创建negativeTarget: 1个
2026-09-18 02:17:13 - ✅ amazon_ca_sopro 创建negativeTarget成功: 170989159684522 - B0DT3LRYZP
2026-09-18 02:17:13 - amazon adGroupId:495240276956099 使用Excel campaignId:346515290823917
2026-09-18 02:17:14 - amazon adGroupId:495240276956099 已有negativeTarget 2个
2026-09-18 02:17:14 - ⏭️ amazon negativeTarget已存在且enabled: B073Y3K7ZQ
2026-09-18 02:17:14 - amazon_us_luux adGroupId:409214338960291 使用Excel campaignId:426537630082967
2026-09-18 02:17:15 - amazon_us_luux adGroupId:409214338960291 已有negativeTarget 5个
2026-09-18 02:17:15 - ⏭️ amazon_us_luux negativeTarget已存在且enabled: B08G1GRNSP
2026-09-18 02:17:15 - amazon_uk_ifn adGroupId:337017209184622 Mongo未找到，尝试Amazon API查询
2026-09-18 02:17:16 - amazon_uk_ifn adGroupId:337017209184622 Amazon API查到 campaignId:341114028086938
2026-09-18 02:17:16 - amazon_uk_ifn adGroupId:337017209184622 使用Excel campaignId:341114028086938
2026-09-18 02:17:17 - amazon_uk_ifn adGroupId:337017209184622 已有negativeTarget 0个
2026-09-18 02:17:17 - amazon_uk_ifn adGroupId:337017209184622 创建negativeTarget: 1个
2026-09-18 02:17:19 - ✅ amazon_uk_ifn 创建negativeTarget成功: 208954918321896 - B0DNMYR5HK
2026-09-18 02:17:19 - amazon_uk_moto adGroupId:394499306117020 使用Excel campaignId:352944927792547
2026-09-18 02:17:20 - amazon_uk_moto adGroupId:394499306117020 已有negativeTarget 1个
2026-09-18 02:17:20 - ⏭️ amazon_uk_moto negativeTarget已存在且enabled: B0BGLLM1ZV
2026-09-18 02:17:20 - amazon adGroupId:345456536511218 使用Excel campaignId:253800717655380
2026-09-18 02:17:21 - amazon adGroupId:345456536511218 已有negativeTarget 1个
2026-09-18 02:17:21 - ⏭️ amazon negativeTarget已存在且enabled: B07WQGG5PC
2026-09-18 02:17:21 - amazon_us_moto adGroupId:426371253795063 使用Excel campaignId:289153361171720
2026-09-18 02:17:22 - amazon_us_moto adGroupId:426371253795063 已有negativeTarget 6个
2026-09-18 02:17:22 - ⏭️ amazon_us_moto negativeTarget已存在且enabled: B0B83Y9DQW
2026-09-18 02:17:22 - amazon adGroupId:224472336525044 使用Excel campaignId:169592272321608
2026-09-18 02:17:25 - amazon adGroupId:224472336525044 已有negativeTarget 10个
2026-09-18 02:17:25 - ⏭️ amazon negativeTarget已存在且enabled: B0DJZ1MVNM
2026-09-18 02:17:25 - amazon adGroupId:399602485818549 使用Excel campaignId:150640772717735
2026-09-18 02:17:26 - amazon adGroupId:399602485818549 已有negativeTarget 1个
2026-09-18 02:17:26 - ⏭️ amazon negativeTarget已存在且enabled: B0BKSZ2KCZ
2026-09-18 02:17:26 - amazon_us_moto adGroupId:561399361036624 使用Excel campaignId:328452838207102
2026-09-18 02:17:27 - amazon_us_moto adGroupId:561399361036624 已有negativeTarget 1个
2026-09-18 02:17:27 - ⏭️ amazon_us_moto negativeTarget已存在且enabled: B0D6YS77CV
2026-09-18 02:17:27 - amazon adGroupId:28187005066001 使用Excel campaignId:260594022130834
2026-09-18 02:17:28 - amazon adGroupId:28187005066001 已有negativeTarget 34个
2026-09-18 02:17:28 - ⏭️ amazon negativeTarget已存在且enabled: B0CNJRNT2K
2026-09-18 02:17:28 - amazon adGroupId:28187005066001 创建negativeTarget: 1个
2026-09-18 02:17:30 - ✅ amazon 创建negativeTarget成功: 34209879812324 - B0CYGRBVN7
2026-09-18 02:17:30 - amazon adGroupId:446467112625286 使用Excel campaignId:346515290823917
2026-09-18 02:17:31 - amazon adGroupId:446467112625286 已有negativeTarget 2个
2026-09-18 02:17:31 - ⏭️ amazon negativeTarget已存在且enabled: B0CWSN39DX
2026-09-18 02:17:31 - amazon_us_luux adGroupId:386692279520139 使用Excel campaignId:137377823330529
2026-09-18 02:17:32 - amazon_us_luux adGroupId:386692279520139 已有negativeTarget 0个
2026-09-18 02:17:32 - amazon_us_luux adGroupId:386692279520139 创建negativeTarget: 1个
2026-09-18 02:17:33 - ✅ amazon_us_luux 创建negativeTarget成功: 190763000642627 - B0CH6NBR6Y
2026-09-18 02:17:33 - amazon adGroupId:425038317990255 使用Excel campaignId:54288275549874
2026-09-18 02:17:34 - amazon adGroupId:425038317990255 已有negativeTarget 1个
2026-09-18 02:17:34 - ⏭️ amazon negativeTarget已存在且enabled: B0BMFZDQPP
2026-09-18 02:17:34 - amazon_uk2 adGroupId:326525047096481 使用Excel campaignId:114198993282515
2026-09-18 02:17:35 - amazon_uk2 adGroupId:326525047096481 已有negativeTarget 1个
2026-09-18 02:17:35 - ⏭️ amazon_uk2 negativeTarget已存在且enabled: B0FRX89F2F
2026-09-18 02:17:35 - amazon adGroupId:288381454316801 使用Excel campaignId:122820851378419
2026-09-18 02:17:37 - amazon adGroupId:288381454316801 已有negativeTarget 0个
2026-09-18 02:17:37 - amazon adGroupId:288381454316801 创建negativeTarget: 2个
2026-09-18 02:17:38 - ✅ amazon 创建negativeTarget成功: 208019044753252 - B0FT2DXZTF
2026-09-18 02:17:38 - ✅ amazon 创建negativeTarget成功: 225809517543680 - B0GJKQ4VLB
2026-09-18 02:17:38 - amazon adGroupId:335246789427328 使用Excel campaignId:257019170411145
2026-09-18 02:17:39 - amazon adGroupId:335246789427328 已有negativeTarget 0个
2026-09-18 02:17:39 - amazon adGroupId:335246789427328 创建negativeTarget: 1个
2026-09-18 02:17:40 - ✅ amazon 创建negativeTarget成功: 149930774105381 - B01N6EIB3B
2026-09-18 02:17:40 - amazon_us_rrc adGroupId:450799039654307 使用Excel campaignId:241948003427117
2026-09-18 02:17:41 - amazon_us_rrc adGroupId:450799039654307 已有negativeTarget 0个
2026-09-18 02:17:41 - amazon_us_rrc adGroupId:450799039654307 创建negativeTarget: 1个
2026-09-18 02:17:42 - ✅ amazon_us_rrc 创建negativeTarget成功: 227864102374184 - B0DCJN9T64
2026-09-18 02:17:42 - amazon_uk_sopro adGroupId:557165430660765 使用Excel campaignId:29625628211114
2026-09-18 02:17:43 - amazon_uk_sopro adGroupId:557165430660765 已有negativeTarget 0个
2026-09-18 02:17:43 - amazon_uk_sopro adGroupId:557165430660765 创建negativeTarget: 1个
2026-09-18 02:17:44 - ✅ amazon_uk_sopro 创建negativeTarget成功: 170124307517901 - B0D9L88R84
2026-09-18 02:17:44 - amazon_us_hope adGroupId:493619309622881 使用Excel campaignId:201390630042392
2026-09-18 02:17:46 - amazon_us_hope adGroupId:493619309622881 已有negativeTarget 0个
2026-09-18 02:17:46 - amazon_us_hope adGroupId:493619309622881 创建negativeTarget: 1个
2026-09-18 02:17:47 - ✅ amazon_us_hope 创建negativeTarget成功: 215084287563878 - B0CTQ41ZGT
2026-09-18 02:17:47 - amazon_ca_hope adGroupId:393800226583787 使用Excel campaignId:45976908709540
2026-09-18 02:17:50 - amazon_ca_hope adGroupId:393800226583787 已有negativeTarget 1个
2026-09-18 02:17:50 - ⏭️ amazon_ca_hope negativeTarget已存在且enabled: B07MT2N65B
2026-09-18 02:17:50 - amazon adGroupId:384210528725913 使用Excel campaignId:160173898983855
2026-09-18 02:17:51 - amazon adGroupId:384210528725913 已有negativeTarget 3个
2026-09-18 02:17:51 - ⏭️ amazon negativeTarget已存在且enabled: B0GRLKSH6Q
2026-09-18 02:17:51 - ⏭️ amazon negativeTarget已存在且enabled: B0D66JV2SW
2026-09-18 02:17:51 - ⏭️ amazon negativeTarget已存在且enabled: B01HUUH25S
2026-09-18 02:17:51 - amazon adGroupId:384210528725913 创建negativeTarget: 1个
2026-09-18 02:17:52 - ✅ amazon 创建negativeTarget成功: 132413806691512 - B01KI9TA80
2026-09-18 02:17:52 - amazon adGroupId:476983758538500 使用Excel campaignId:201469088048591
2026-09-18 02:17:53 - amazon adGroupId:476983758538500 已有negativeTarget 1个
2026-09-18 02:17:53 - ⏭️ amazon negativeTarget已存在且enabled: B0B6VC3FYR
2026-09-18 02:17:53 - amazon_us_tuto adGroupId:290740385447474 使用Excel campaignId:159961035343989
2026-09-18 02:17:54 - amazon_us_tuto adGroupId:290740385447474 已有negativeTarget 1个
2026-09-18 02:17:54 - ⏭️ amazon_us_tuto negativeTarget已存在且enabled: B0F8B89LLT
2026-09-18 02:17:54 - amazon adGroupId:393681729384258 使用Excel campaignId:157802879185752
2026-09-18 02:17:55 - amazon adGroupId:393681729384258 已有negativeTarget 0个
2026-09-18 02:17:55 - amazon adGroupId:393681729384258 创建negativeTarget: 1个
2026-09-18 02:17:56 - ✅ amazon 创建negativeTarget成功: 60411848186306 - B093HK7PN1
2026-09-18 02:17:56 - amazon adGroupId:357795119069893 使用Excel campaignId:7296640776597
2026-09-18 02:17:57 - amazon adGroupId:357795119069893 已有negativeTarget 2个
2026-09-18 02:17:57 - ⏭️ amazon negativeTarget已存在且enabled: B0DFPX8JDS
2026-09-18 02:17:57 - amazon adGroupId:90518370762541 Mongo未找到，尝试Amazon API查询
2026-09-18 02:17:58 - amazon adGroupId:90518370762541 Amazon API查到 campaignId:211291959587978
2026-09-18 02:17:58 - amazon adGroupId:90518370762541 使用Excel campaignId:211291959587978
2026-09-18 02:17:59 - amazon adGroupId:90518370762541 已有negativeTarget 2个
2026-09-18 02:17:59 - ⏭️ amazon negativeTarget已存在且enabled: B085642G7M
2026-09-18 02:17:59 - amazon_us_hope adGroupId:473584968395916 使用Excel campaignId:27328602939201
2026-09-18 02:18:00 - amazon_us_hope adGroupId:473584968395916 已有negativeTarget 1个
2026-09-18 02:18:00 - ⏭️ amazon_us_hope negativeTarget已存在且enabled: B007G2JFBA
2026-09-18 02:18:00 - amazon adGroupId:323335238216636 使用Excel campaignId:88579881149999
2026-09-18 02:18:01 - amazon adGroupId:323335238216636 已有negativeTarget 1个
2026-09-18 02:18:01 - ⏭️ amazon negativeTarget已存在且enabled: B07S8D2K7H
2026-09-18 02:18:01 - amazon_us_sopro adGroupId:529938389838374 使用Excel campaignId:227551005194827
2026-09-18 02:18:02 - amazon_us_sopro adGroupId:529938389838374 已有negativeTarget 1个
2026-09-18 02:18:02 - ⏭️ amazon_us_sopro negativeTarget已存在且enabled: B000CN7B5C
2026-09-18 02:18:02 - amazon adGroupId:529546924165557 使用Excel campaignId:227879354546670
2026-09-18 02:18:04 - amazon adGroupId:529546924165557 已有negativeTarget 1个
2026-09-18 02:18:04 - ⏭️ amazon negativeTarget已存在且enabled: B0CRF395L4
2026-09-18 02:18:05 - amazon_ca_tuc adGroupId:294686014763859 使用Excel campaignId:213132500038044
2026-09-18 02:18:06 - amazon_ca_tuc adGroupId:294686014763859 已有negativeTarget 4个
2026-09-18 02:18:06 - ⏭️ amazon_ca_tuc negativeTarget已存在且enabled: B0FN7VWLKD
2026-09-18 02:18:06 - amazon adGroupId:409968342346382 使用Excel campaignId:131659845670051
2026-09-18 02:18:08 - amazon adGroupId:409968342346382 已有negativeTarget 0个
2026-09-18 02:18:08 - amazon adGroupId:409968342346382 创建negativeTarget: 1个
2026-09-18 02:18:09 - ✅ amazon 创建negativeTarget成功: 123263472839111 - B0DT4BK3VZ
2026-09-18 02:18:10 - amazon_us_sopro adGroupId:463735024267472 使用Excel campaignId:418924643910028
2026-09-18 02:18:11 - amazon_us_sopro adGroupId:463735024267472 已有negativeTarget 47个
2026-09-18 02:18:11 - ⏭️ amazon_us_sopro negativeTarget已存在且enabled: B07DFGVVF4
2026-09-18 02:18:11 - amazon_uk_sopro adGroupId:544093860660429 使用Excel campaignId:40009121701241
2026-09-18 02:18:12 - amazon_uk_sopro adGroupId:544093860660429 已有negativeTarget 1个
2026-09-18 02:18:12 - ⏭️ amazon_uk_sopro negativeTarget已存在且enabled: B0BVF56LGC
2026-09-18 02:18:12 - amazon adGroupId:297216698236681 使用Excel campaignId:59741225854166
2026-09-18 02:18:13 - amazon adGroupId:297216698236681 已有negativeTarget 1个
2026-09-18 02:18:13 - ⏭️ amazon negativeTarget已存在且enabled: B0DG8V7475
2026-09-18 02:18:13 - amazon adGroupId:466712896137158 使用Excel campaignId:227459889540195
2026-09-18 02:18:14 - amazon adGroupId:466712896137158 已有negativeTarget 0个
2026-09-18 02:18:14 - amazon adGroupId:466712896137158 创建negativeTarget: 1个
2026-09-18 02:18:15 - ✅ amazon 创建negativeTarget成功: 216265219676057 - B0CR2YXWSR
2026-09-18 02:18:15 - ========== 处理汇总 ==========
2026-09-18 02:18:15 - 总数据数: 98
2026-09-18 02:18:15 - ✅ 创建成功: 39
2026-09-18 02:18:15 - 🔄 更新状态为enabled: 0
2026-09-18 02:18:15 - ⏭️ 已存在且enabled跳过: 59
2026-09-18 02:18:15 - ❌ 失败: 0
2026-09-18 02:18:15 - createNegativeTargets channel:全部 处理完毕
2026-09-18 02:23:31 - verifyNegativeTargets 开始校验 file:M8精否asin.xlsx channel:全部
2026-09-18 02:23:31 - channel:全部 共 70 个ad group, 98 条数据
2026-09-18 02:23:34 - amazon adGroupId:424095280954779 Amazon已有negativeTarget 6个
2026-09-18 02:23:34 - ✅ amazon negativeTarget已投放且一致: B01MZH567F
2026-09-18 02:23:34 - ✅ amazon negativeTarget已投放且一致: B07B75PD8B
2026-09-18 02:23:34 - ✅ amazon negativeTarget已投放且一致: B0D3H4DJFX
2026-09-18 02:23:34 - ✅ amazon negativeTarget已投放且一致: B0D9JYS754
2026-09-18 02:23:35 - amazon adGroupId:460845510793199 Amazon已有negativeTarget 13个
2026-09-18 02:23:35 - ✅ amazon negativeTarget已投放且一致: B0D2D88VLP
2026-09-18 02:23:35 - ✅ amazon negativeTarget已投放且一致: B0D667Q1KP
2026-09-18 02:23:36 - amazon_us_moto adGroupId:399201953159522 Amazon已有negativeTarget 21个
2026-09-18 02:23:36 - ✅ amazon_us_moto negativeTarget已投放且一致: B0DJ36V626
2026-09-18 02:23:36 - ✅ amazon_us_moto negativeTarget已投放且一致: B094F6MPPC
2026-09-18 02:23:36 - ✅ amazon_us_moto negativeTarget已投放且一致: B0BJYRGXRX
2026-09-18 02:23:36 - ✅ amazon_us_moto negativeTarget已投放且一致: B0C43C5XH9
2026-09-18 02:23:36 - ✅ amazon_us_moto negativeTarget已投放且一致: B0G2KM4ZKQ
2026-09-18 02:23:36 - ✅ amazon_us_moto negativeTarget已投放且一致: B09BDTYCVV
2026-09-18 02:23:36 - ✅ amazon_us_moto negativeTarget已投放且一致: B0F43J597J
2026-09-18 02:23:36 - ✅ amazon_us_moto negativeTarget已投放且一致: B091824RMX
2026-09-18 02:23:39 - amazon_us_sopro adGroupId:368186864439645 Amazon已有negativeTarget 4个
2026-09-18 02:23:39 - ✅ amazon_us_sopro negativeTarget已投放且一致: B0D7QMKHKK
2026-09-18 02:23:39 - ✅ amazon_us_sopro negativeTarget已投放且一致: B0F1T25P1L
2026-09-18 02:23:39 - ✅ amazon_us_sopro negativeTarget已投放且一致: B09MLSJCML
2026-09-18 02:23:41 - amazon adGroupId:329325356178323 Amazon已有negativeTarget 2个
2026-09-18 02:23:41 - ✅ amazon negativeTarget已投放且一致: B08BNHV8Z4
2026-09-18 02:23:42 - amazon_uk_moto adGroupId:385073102929434 Amazon已有negativeTarget 1个
2026-09-18 02:23:42 - ✅ amazon_uk_moto negativeTarget已投放且一致: B0FKMCTGRJ
2026-09-18 02:23:43 - amazon adGroupId:468181201496856 Amazon已有negativeTarget 3个
2026-09-18 02:23:43 - ✅ amazon negativeTarget已投放且一致: B0CQ4BZFP2
2026-09-18 02:23:43 - ✅ amazon negativeTarget已投放且一致: B0CGXKSMQ6
2026-09-18 02:23:45 - amazon adGroupId:483560612289098 Amazon已有negativeTarget 1个
2026-09-18 02:23:45 - ✅ amazon negativeTarget已投放且一致: B078Y6MFNB
2026-09-18 02:23:46 - amazon_us_ifn adGroupId:297822154597369 Amazon已有negativeTarget 7个
2026-09-18 02:23:46 - ✅ amazon_us_ifn negativeTarget已投放且一致: B0D2P36VXF
2026-09-18 02:23:46 - ✅ amazon_us_ifn negativeTarget已投放且一致: B0D2ZZGTPL
2026-09-18 02:23:46 - ✅ amazon_us_ifn negativeTarget已投放且一致: B0FB879S7J
2026-09-18 02:23:47 - amazon_us_ifn adGroupId:538810796829808 Amazon已有negativeTarget 12个
2026-09-18 02:23:47 - ✅ amazon_us_ifn negativeTarget已投放且一致: B0DJZ1MVNM
2026-09-18 02:23:47 - ✅ amazon_us_ifn negativeTarget已投放且一致: B0DJT2LJTZ
2026-09-18 02:23:48 - amazon adGroupId:535646715295932 Amazon已有negativeTarget 3个
2026-09-18 02:23:48 - ✅ amazon negativeTarget已投放且一致: B01I3C64ZQ
2026-09-18 02:23:49 - amazon_us_luux adGroupId:304181692544344 Amazon已有negativeTarget 1个
2026-09-18 02:23:49 - ✅ amazon_us_luux negativeTarget已投放且一致: B0B83Y9DQW
2026-09-18 02:23:50 - amazon adGroupId:499856567614938 Amazon已有negativeTarget 1个
2026-09-18 02:23:50 - ✅ amazon negativeTarget已投放且一致: B0C2VK7HD5
2026-09-18 02:23:51 - amazon_ca_tuc adGroupId:298216057360254 Amazon已有negativeTarget 1个
2026-09-18 02:23:51 - ✅ amazon_ca_tuc negativeTarget已投放且一致: B07S7L2WTL
2026-09-18 02:23:52 - amazon adGroupId:501760810237429 Amazon已有negativeTarget 1个
2026-09-18 02:23:52 - ✅ amazon negativeTarget已投放且一致: B08K7BVC5Y
2026-09-18 02:23:53 - amazon adGroupId:356241446691949 Amazon已有negativeTarget 3个
2026-09-18 02:23:53 - ✅ amazon negativeTarget已投放且一致: B07F43Y3R4
2026-09-18 02:23:53 - ✅ amazon negativeTarget已投放且一致: B07VDZGWCS
2026-09-18 02:23:53 - ✅ amazon negativeTarget已投放且一致: B0CQP313RG
2026-09-18 02:23:54 - amazon_ca_piccocasa adGroupId:313076323636183 Amazon已有negativeTarget 1个
2026-09-18 02:23:54 - ✅ amazon_ca_piccocasa negativeTarget已投放且一致: B0CQKC5KY5
2026-09-18 02:23:57 - amazon adGroupId:520541169901551 Amazon已有negativeTarget 3个
2026-09-18 02:23:57 - ✅ amazon negativeTarget已投放且一致: B0CXHN49ZQ
2026-09-18 02:23:57 - amazon adGroupId:462698803031915 Amazon已有negativeTarget 1个
2026-09-18 02:23:57 - ✅ amazon negativeTarget已投放且一致: B0BVCQGW76
2026-09-18 02:23:58 - amazon_ca_luux adGroupId:413247533466679 Amazon已有negativeTarget 8个
2026-09-18 02:23:58 - ✅ amazon_ca_luux negativeTarget已投放且一致: B076J7RLWQ
2026-09-18 02:23:59 - amazon_uk_tuto adGroupId:419159964885500 Amazon已有negativeTarget 1个
2026-09-18 02:23:59 - ✅ amazon_uk_tuto negativeTarget已投放且一致: B0FDGFVTZ9
2026-09-18 02:24:02 - amazon_uk_rrc adGroupId:341860488208906 Amazon已有negativeTarget 7个
2026-09-18 02:24:02 - ✅ amazon_uk_rrc negativeTarget已投放且一致: B09Q8B9G5W
2026-09-18 02:24:03 - amazon_ca_hope adGroupId:444054995932487 Amazon已有negativeTarget 1个
2026-09-18 02:24:03 - ✅ amazon_ca_hope negativeTarget已投放且一致: B0CRQSZMK8
2026-09-18 02:24:04 - amazon_uk_sopro adGroupId:295594228225885 Amazon已有negativeTarget 3个
2026-09-18 02:24:04 - ✅ amazon_uk_sopro negativeTarget已投放且一致: B0CTFBL44D
2026-09-18 02:24:04 - ✅ amazon_uk_sopro negativeTarget已投放且一致: B0D77RGPJT
2026-09-18 02:24:05 - amazon_uk2 adGroupId:349593947154387 Amazon已有negativeTarget 2个
2026-09-18 02:24:05 - ✅ amazon_uk2 negativeTarget已投放且一致: B0FSDDQBZF
2026-09-18 02:24:05 - ✅ amazon_uk2 negativeTarget已投放且一致: B00BSBMFBM
2026-09-18 02:24:06 - amazon_uk2 adGroupId:435673778070833 Amazon已有negativeTarget 2个
2026-09-18 02:24:06 - ✅ amazon_uk2 negativeTarget已投放且一致: B01CDBGVUG
2026-09-18 02:24:07 - amazon adGroupId:408712204876081 Amazon已有negativeTarget 1个
2026-09-18 02:24:07 - ✅ amazon negativeTarget已投放且一致: B097HKY64F
2026-09-18 02:24:08 - amazon adGroupId:393401647537524 Amazon已有negativeTarget 1个
2026-09-18 02:24:08 - ✅ amazon negativeTarget已投放且一致: B000GU5VQ2
2026-09-18 02:24:09 - amazon_us_tuto adGroupId:455864637113220 Amazon已有negativeTarget 2个
2026-09-18 02:24:09 - ✅ amazon_us_tuto negativeTarget已投放且一致: B089LS12PH
2026-09-18 02:24:09 - ✅ amazon_us_tuto negativeTarget已投放且一致: B0732V4KH6
2026-09-18 02:24:09 - amazon_ca_find adGroupId:379709289311645 Amazon已有negativeTarget 1个
2026-09-18 02:24:09 - ✅ amazon_ca_find negativeTarget已投放且一致: B0CQ4CLRVL
2026-09-18 02:24:11 - amazon_uk_moto adGroupId:291056268446760 Amazon已有negativeTarget 2个
2026-09-18 02:24:11 - ✅ amazon_uk_moto negativeTarget已投放且一致: B0057MNSYQ
2026-09-18 02:24:11 - ✅ amazon_uk_moto negativeTarget已投放且一致: B0B79TTW6J
2026-09-18 02:24:11 - amazon_uk2 adGroupId:486652704753660 Amazon已有negativeTarget 1个
2026-09-18 02:24:11 - ✅ amazon_uk2 negativeTarget已投放且一致: B0CL3WPZ3L
2026-09-18 02:24:12 - amazon_us_find adGroupId:338931673401665 Amazon已有negativeTarget 1个
2026-09-18 02:24:12 - ✅ amazon_us_find negativeTarget已投放且一致: B009Q752WE
2026-09-18 02:24:14 - amazon_ca_sopro adGroupId:315534248916408 Amazon已有negativeTarget 1个
2026-09-18 02:24:14 - ✅ amazon_ca_sopro negativeTarget已投放且一致: B0DT3LRYZP
2026-09-18 02:24:15 - amazon adGroupId:495240276956099 Amazon已有negativeTarget 2个
2026-09-18 02:24:15 - ✅ amazon negativeTarget已投放且一致: B073Y3K7ZQ
2026-09-18 02:24:16 - amazon_us_luux adGroupId:409214338960291 Amazon已有negativeTarget 5个
2026-09-18 02:24:16 - ✅ amazon_us_luux negativeTarget已投放且一致: B08G1GRNSP
2026-09-18 02:24:19 - amazon_uk_ifn adGroupId:337017209184622 Amazon已有negativeTarget 1个
2026-09-18 02:24:19 - ✅ amazon_uk_ifn negativeTarget已投放且一致: B0DNMYR5HK
2026-09-18 02:24:20 - amazon_uk_moto adGroupId:394499306117020 Amazon已有negativeTarget 1个
2026-09-18 02:24:20 - ✅ amazon_uk_moto negativeTarget已投放且一致: B0BGLLM1ZV
2026-09-18 02:24:21 - amazon adGroupId:345456536511218 Amazon已有negativeTarget 1个
2026-09-18 02:24:21 - ✅ amazon negativeTarget已投放且一致: B07WQGG5PC
2026-09-18 02:24:23 - amazon_us_moto adGroupId:426371253795063 Amazon已有negativeTarget 6个
2026-09-18 02:24:23 - ✅ amazon_us_moto negativeTarget已投放且一致: B0B83Y9DQW
2026-09-18 02:24:24 - amazon adGroupId:224472336525044 Amazon已有negativeTarget 10个
2026-09-18 02:24:24 - ✅ amazon negativeTarget已投放且一致: B0DJZ1MVNM
2026-09-18 02:24:25 - amazon adGroupId:399602485818549 Amazon已有negativeTarget 1个
2026-09-18 02:24:25 - ✅ amazon negativeTarget已投放且一致: B0BKSZ2KCZ
2026-09-18 02:24:26 - amazon_us_moto adGroupId:561399361036624 Amazon已有negativeTarget 1个
2026-09-18 02:24:26 - ✅ amazon_us_moto negativeTarget已投放且一致: B0D6YS77CV
2026-09-18 02:24:27 - amazon adGroupId:28187005066001 Amazon已有negativeTarget 35个
2026-09-18 02:24:27 - ✅ amazon negativeTarget已投放且一致: B0CYGRBVN7
2026-09-18 02:24:27 - ✅ amazon negativeTarget已投放且一致: B0CNJRNT2K
2026-09-18 02:24:28 - amazon adGroupId:446467112625286 Amazon已有negativeTarget 2个
2026-09-18 02:24:28 - ✅ amazon negativeTarget已投放且一致: B0CWSN39DX
2026-09-18 02:24:29 - amazon_us_luux adGroupId:386692279520139 Amazon已有negativeTarget 1个
2026-09-18 02:24:29 - ✅ amazon_us_luux negativeTarget已投放且一致: B0CH6NBR6Y
2026-09-18 02:24:31 - amazon adGroupId:425038317990255 Amazon已有negativeTarget 1个
2026-09-18 02:24:31 - ✅ amazon negativeTarget已投放且一致: B0BMFZDQPP
2026-09-18 02:24:32 - amazon_uk2 adGroupId:326525047096481 Amazon已有negativeTarget 1个
2026-09-18 02:24:32 - ✅ amazon_uk2 negativeTarget已投放且一致: B0FRX89F2F
2026-09-18 02:24:33 - amazon adGroupId:288381454316801 Amazon已有negativeTarget 2个
2026-09-18 02:24:33 - ✅ amazon negativeTarget已投放且一致: B0FT2DXZTF
2026-09-18 02:24:33 - ✅ amazon negativeTarget已投放且一致: B0GJKQ4VLB
2026-09-18 02:24:35 - amazon adGroupId:335246789427328 Amazon已有negativeTarget 1个
2026-09-18 02:24:35 - ✅ amazon negativeTarget已投放且一致: B01N6EIB3B
2026-09-18 02:24:36 - amazon_us_rrc adGroupId:450799039654307 Amazon已有negativeTarget 1个
2026-09-18 02:24:36 - ✅ amazon_us_rrc negativeTarget已投放且一致: B0DCJN9T64
2026-09-18 02:24:38 - amazon_uk_sopro adGroupId:557165430660765 Amazon已有negativeTarget 1个
2026-09-18 02:24:38 - ✅ amazon_uk_sopro negativeTarget已投放且一致: B0D9L88R84
2026-09-18 02:24:38 - amazon_us_hope adGroupId:493619309622881 Amazon已有negativeTarget 1个
2026-09-18 02:24:38 - ✅ amazon_us_hope negativeTarget已投放且一致: B0CTQ41ZGT
2026-09-18 02:24:42 - amazon_ca_hope adGroupId:393800226583787 Amazon已有negativeTarget 1个
2026-09-18 02:24:42 - ✅ amazon_ca_hope negativeTarget已投放且一致: B07MT2N65B
2026-09-18 02:24:44 - amazon adGroupId:384210528725913 Amazon已有negativeTarget 4个
2026-09-18 02:24:44 - ✅ amazon negativeTarget已投放且一致: B01KI9TA80
2026-09-18 02:24:44 - ✅ amazon negativeTarget已投放且一致: B0GRLKSH6Q
2026-09-18 02:24:44 - ✅ amazon negativeTarget已投放且一致: B0D66JV2SW
2026-09-18 02:24:44 - ✅ amazon negativeTarget已投放且一致: B01HUUH25S
2026-09-18 02:24:46 - amazon adGroupId:476983758538500 Amazon已有negativeTarget 1个
2026-09-18 02:24:46 - ✅ amazon negativeTarget已投放且一致: B0B6VC3FYR
2026-09-18 02:24:47 - amazon_us_tuto adGroupId:290740385447474 Amazon已有negativeTarget 1个
2026-09-18 02:24:47 - ✅ amazon_us_tuto negativeTarget已投放且一致: B0F8B89LLT
2026-09-18 02:24:49 - amazon adGroupId:393681729384258 Amazon已有negativeTarget 1个
2026-09-18 02:24:49 - ✅ amazon negativeTarget已投放且一致: B093HK7PN1
2026-09-18 02:24:51 - amazon adGroupId:357795119069893 Amazon已有negativeTarget 2个
2026-09-18 02:24:51 - ✅ amazon negativeTarget已投放且一致: B0DFPX8JDS
2026-09-18 02:24:53 - amazon adGroupId:90518370762541 Amazon已有negativeTarget 2个
2026-09-18 02:24:53 - ✅ amazon negativeTarget已投放且一致: B085642G7M
2026-09-18 02:24:55 - amazon_us_hope adGroupId:473584968395916 Amazon已有negativeTarget 1个
2026-09-18 02:24:55 - ✅ amazon_us_hope negativeTarget已投放且一致: B007G2JFBA
2026-09-18 02:24:56 - amazon adGroupId:323335238216636 Amazon已有negativeTarget 1个
2026-09-18 02:24:56 - ✅ amazon negativeTarget已投放且一致: B07S8D2K7H
2026-09-18 02:24:57 - amazon_us_sopro adGroupId:529938389838374 Amazon已有negativeTarget 1个
2026-09-18 02:24:57 - ✅ amazon_us_sopro negativeTarget已投放且一致: B000CN7B5C
2026-09-18 02:24:59 - amazon adGroupId:529546924165557 Amazon已有negativeTarget 1个
2026-09-18 02:24:59 - ✅ amazon negativeTarget已投放且一致: B0CRF395L4
2026-09-18 02:25:01 - amazon_ca_tuc adGroupId:294686014763859 Amazon已有negativeTarget 4个
2026-09-18 02:25:01 - ✅ amazon_ca_tuc negativeTarget已投放且一致: B0FN7VWLKD
2026-09-18 02:25:02 - amazon adGroupId:409968342346382 Amazon已有negativeTarget 1个
2026-09-18 02:25:02 - ✅ amazon negativeTarget已投放且一致: B0DT4BK3VZ
2026-09-18 02:25:03 - amazon_us_sopro adGroupId:463735024267472 Amazon已有negativeTarget 47个
2026-09-18 02:25:03 - ✅ amazon_us_sopro negativeTarget已投放且一致: B07DFGVVF4
2026-09-18 02:25:04 - amazon_uk_sopro adGroupId:544093860660429 Amazon已有negativeTarget 1个
2026-09-18 02:25:04 - ✅ amazon_uk_sopro negativeTarget已投放且一致: B0BVF56LGC
2026-09-18 02:25:05 - amazon adGroupId:297216698236681 Amazon已有negativeTarget 1个
2026-09-18 02:25:05 - ✅ amazon negativeTarget已投放且一致: B0DG8V7475
2026-09-18 02:25:07 - amazon adGroupId:466712896137158 Amazon已有negativeTarget 1个
2026-09-18 02:25:07 - ✅ amazon negativeTarget已投放且一致: B0CR2YXWSR
2026-09-18 02:25:07 - ========== 校验汇总 ==========
2026-09-18 02:25:07 - 总校验数: 98
2026-09-18 02:25:07 - ⏭️ archived跳过: 0
2026-09-18 02:25:07 - ✅ 已投放且一致: 98
2026-09-18 02:25:07 - ❌ 未投放: 0
2026-09-18 02:25:07 - ⚠️ 状态异常(非enabled): 0
2026-09-18 02:25:07 - 所有negativeTarget投放校验通过，无异常数据
2026-09-18 02:25:07 - verifyNegativeTargets channel:全部 校验完毕
